
> bills-app@0.0.0 start
> ng serve --host 127.0.0.1 --port 4200

[33m>[39m Building...
[32m√[39m Building...
[1mInitial chunk files[22m[2m | [22m[1mNames[22m        [2m | [22m [1mRaw size[22m
[32mmain.js[39m            [2m | [22m[2mmain[22m         [2m | [22m [36m60.57 kB[39m[2m | [22m
[32mstyles.css[39m         [2m | [22m[2mstyles[22m       [2m | [22m[36m357 bytes[39m[2m | [22m

[1m [22m                  [2m | [22m[1mInitial total[22m[2m | [22m [1m60.93 kB[22m

Application bundle generation complete. [10.699 seconds] - 2026-04-20T14:33:19.530Z

Watch mode enabled. Watching for file changes...
NOTE: Raw file sizes do not reflect development server per-request transformations.
[2m9:33:19 AM[22m [36m[1m[vite][22m[39m [90m[2m(client)[22m[39m Re-optimizing dependencies because vite config has changed
  [32m➜[39m  [1mLocal[22m:   [36mhttp://127.0.0.1:[1m4200[22m/[39m
[33m>[39m Changes detected. Rebuilding...
[32m√[39m Changes detected. Rebuilding...
[1mInitial chunk files[22m[2m | [22m[1mNames[22m[2m | [22m[1mRaw size[22m
[32mmain.js[39m            [2m | [22m[2mmain[22m [2m | [22m[36m60.57 kB[39m[2m | [22m

Application bundle generation complete. [0.211 seconds] - 2026-04-20T14:40:42.794Z

Page reload sent to client(s).
[33m>[39m Changes detected. Rebuilding...
[32m√[39m Changes detected. Rebuilding...
Application bundle generation failed. [0.267 seconds] - 2026-04-20T15:07:53.736Z

[33m>[39m Changes detected. Rebuilding...
[32m√[39m Changes detected. Rebuilding...
Application bundle generation failed. [0.157 seconds] - 2026-04-20T15:08:10.578Z

[33m>[39m Changes detected. Rebuilding...
[32m√[39m Changes detected. Rebuilding...
Application bundle generation failed. [0.151 seconds] - 2026-04-20T15:08:31.935Z

[33m>[39m Changes detected. Rebuilding...
[32m√[39m Changes detected. Rebuilding...
Application bundle generation failed. [0.077 seconds] - 2026-04-20T15:08:45.976Z

[33m>[39m Changes detected. Rebuilding...
[32m√[39m Changes detected. Rebuilding...
Application bundle generation failed. [0.093 seconds] - 2026-04-20T15:08:59.201Z

[33m>[39m Changes detected. Rebuilding...
[32m√[39m Changes detected. Rebuilding...
[1mInitial chunk files[22m[2m | [22m[1mNames[22m        [2m | [22m [1mRaw size[22m
[32mmain.js[39m            [2m | [22m[2mmain[22m         [2m | [22m [36m27.63 kB[39m[2m | [22m
[32mchunk-FBFMG64C.js[39m  [2m | [22m[2m-[22m            [2m | [22m  [36m1.52 kB[39m[2m | [22m
[32mstyles.css[39m         [2m | [22m[2mstyles[22m       [2m | [22m[36m357 bytes[39m[2m | [22m

[1m [22m                  [2m | [22m[1mInitial total[22m[2m | [22m [1m29.50 kB[22m

[1mLazy chunk files[22m   [2m | [22m[1mNames[22m        [2m | [22m [1mRaw size[22m
[32mchunk-7M5EFKNM.js[39m  [2m | [22m[2mexpense-list[22m [2m | [22m [36m34.86 kB[39m[2m | [22m

Application bundle generation complete. [0.485 seconds] - 2026-04-20T15:17:36.492Z

Page reload sent to client(s).
[33m>[39m Changes detected. Rebuilding...
[32m√[39m Changes detected. Rebuilding...

No output file changes.

Application bundle generation complete. [0.112 seconds] - 2026-04-20T15:22:04.805Z

[33m>[39m Changes detected. Rebuilding...
[32m√[39m Changes detected. Rebuilding...

No output file changes.

Application bundle generation complete. [0.092 seconds] - 2026-04-20T15:22:20.204Z

[33m>[39m Changes detected. Rebuilding...
[32m√[39m Changes detected. Rebuilding...
[1mInitial chunk files[22m[2m | [22m[1mNames[22m       [2m | [22m[1mRaw size[22m
[32mmain.js[39m            [2m | [22m[2mmain[22m        [2m | [22m[36m27.63 kB[39m[2m | [22m

[1mLazy chunk files[22m   [2m | [22m[1mNames[22m       [2m | [22m[1mRaw size[22m
[32mchunk-PWFUEANY.js[39m  [2m | [22m[2mexpense-list[22m[2m | [22m[36m34.86 kB[39m[2m | [22m

Application bundle generation complete. [0.077 seconds] - 2026-04-20T15:22:34.344Z

Page reload sent to client(s).
[33m>[39m Changes detected. Rebuilding...
[32m√[39m Changes detected. Rebuilding...
[1mInitial chunk files[22m[2m | [22m[1mNames[22m       [2m | [22m[1mRaw size[22m
[32mmain.js[39m            [2m | [22m[2mmain[22m        [2m | [22m[36m27.63 kB[39m[2m | [22m
[32mchunk-3BOKCJ2L.js[39m  [2m | [22m[2m-[22m           [2m | [22m [36m1.52 kB[39m[2m | [22m

[1mLazy chunk files[22m   [2m | [22m[1mNames[22m       [2m | [22m[1mRaw size[22m
[32mchunk-SNGL5ZO7.js[39m  [2m | [22m[2mexpense-list[22m[2m | [22m[36m34.86 kB[39m[2m | [22m

Application bundle generation complete. [0.078 seconds] - 2026-04-20T15:22:46.357Z

Page reload sent to client(s).
[33m>[39m Changes detected. Rebuilding...
[32m√[39m Changes detected. Rebuilding...

No output file changes.

Application bundle generation complete. [0.112 seconds] - 2026-04-20T15:23:02.139Z

[33m>[39m Changes detected. Rebuilding...
[32m√[39m Changes detected. Rebuilding...
[1mInitial chunk files[22m[2m | [22m[1mNames[22m       [2m | [22m[1mRaw size[22m
[32mmain.js[39m            [2m | [22m[2mmain[22m        [2m | [22m[36m27.63 kB[39m[2m | [22m

[1mLazy chunk files[22m   [2m | [22m[1mNames[22m       [2m | [22m[1mRaw size[22m
[32mchunk-HTYK67FG.js[39m  [2m | [22m[2mexpense-list[22m[2m | [22m[36m34.86 kB[39m[2m | [22m

Application bundle generation complete. [0.096 seconds] - 2026-04-20T15:23:14.343Z

Page reload sent to client(s).
[33m>[39m Changes detected. Rebuilding...
[32m√[39m Changes detected. Rebuilding...

No output file changes.

Application bundle generation complete. [0.065 seconds] - 2026-04-20T15:23:24.833Z

[33m>[39m Changes detected. Rebuilding...
[32m√[39m Changes detected. Rebuilding...
[1mInitial chunk files[22m[2m | [22m[1mNames[22m       [2m | [22m[1mRaw size[22m
[32mmain.js[39m            [2m | [22m[2mmain[22m        [2m | [22m[36m27.63 kB[39m[2m | [22m

[1mLazy chunk files[22m   [2m | [22m[1mNames[22m       [2m | [22m[1mRaw size[22m
[32mchunk-J3FDQWWA.js[39m  [2m | [22m[2mexpense-list[22m[2m | [22m[36m34.86 kB[39m[2m | [22m

Application bundle generation complete. [0.197 seconds] - 2026-04-20T15:23:44.783Z

Page reload sent to client(s).
[33m>[39m Changes detected. Rebuilding...
[32m√[39m Changes detected. Rebuilding...
[1mInitial chunk files[22m[2m | [22m[1mNames[22m       [2m | [22m[1mRaw size[22m
[32mmain.js[39m            [2m | [22m[2mmain[22m        [2m | [22m[36m27.63 kB[39m[2m | [22m

[1mLazy chunk files[22m   [2m | [22m[1mNames[22m       [2m | [22m[1mRaw size[22m
[32mchunk-H5WPBPT5.js[39m  [2m | [22m[2mexpense-list[22m[2m | [22m[36m34.86 kB[39m[2m | [22m

Application bundle generation complete. [0.280 seconds] - 2026-04-20T15:25:15.345Z

Page reload sent to client(s).
[33m>[39m Changes detected. Rebuilding...
[32m√[39m Changes detected. Rebuilding...
[1mInitial chunk files[22m[2m | [22m[1mNames[22m       [2m | [22m[1mRaw size[22m
[32mmain.js[39m            [2m | [22m[2mmain[22m        [2m | [22m[36m27.63 kB[39m[2m | [22m

[1mLazy chunk files[22m   [2m | [22m[1mNames[22m       [2m | [22m[1mRaw size[22m
[32mchunk-RPLEJF3T.js[39m  [2m | [22m[2mexpense-list[22m[2m | [22m[36m34.86 kB[39m[2m | [22m

Application bundle generation complete. [0.296 seconds] - 2026-04-20T15:25:28.413Z

Component update sent to client(s).
