[1m[31m[31mX [41;31m[[41;97mERROR[41;31m][0m [1mTS2307: Cannot find module '@ngrx/store' or its corresponding type declarations.[0m [1m[35m[plugin angular-compiler][0m

    src/app/features/expenses/components/expense-list/expense-list.ts:7:22:
[37m      7 │ import { Store } from [32m'@ngrx/store'[37m;
        ╵                       [32m~~~~~~~~~~~~~[0m


[31mX [41;31m[[41;97mERROR[41;31m][0m [1mTS2571: Object is of type 'unknown'.[0m [1m[35m[plugin angular-compiler][0m

    src/app/features/expenses/components/expense-list/expense-list.ts:38:17:
[37m      38 │   expensesList = [32mthis.store[37m.select(selectExpensesList);
         ╵                  [32m~~~~~~~~~~[0m


[31mX [41;31m[[41;97mERROR[41;31m][0m [1mTS2571: Object is of type 'unknown'.[0m [1m[35m[plugin angular-compiler][0m

    src/app/features/expenses/components/expense-list/expense-list.ts:39:10:
[37m      39 │   total = [32mthis.store[37m.select(selectTotalExpenses);
         ╵           [32m~~~~~~~~~~[0m


[31mX [41;31m[[41;97mERROR[41;31m][0m [1mTS2571: Object is of type 'unknown'.[0m [1m[35m[plugin angular-compiler][0m

    src/app/features/expenses/components/expense-list/expense-list.ts:51:6:
[37m      51 │       [32mthis.store[37m.dispatch(loadExpenses({ expenses }));
         ╵       [32m~~~~~~~~~~[0m


[31mX [41;31m[[41;97mERROR[41;31m][0m [1mTS2571: Object is of type 'unknown'.[0m [1m[35m[plugin angular-compiler][0m

    src/app/features/expenses/components/expense-list/expense-list.ts:76:8:
[37m      76 │         [32mthis.store[37m.dispatch(editExpense({ expense }));
         ╵         [32m~~~~~~~~~~[0m


[31mX [41;31m[[41;97mERROR[41;31m][0m [1mTS2571: Object is of type 'unknown'.[0m [1m[35m[plugin angular-compiler][0m

    src/app/features/expenses/components/expense-list/expense-list.ts:81:8:
[37m      81 │         [32mthis.store[37m.dispatch(addExpense({ expense }));
         ╵         [32m~~~~~~~~~~[0m


[31mX [41;31m[[41;97mERROR[41;31m][0m [1mTS2571: Object is of type 'unknown'.[0m [1m[35m[plugin angular-compiler][0m

    src/app/features/expenses/components/expense-list/expense-list.ts:97:6:
[37m      97 │       [32mthis.store[37m.dispatch(deleteExpense({ id }));
         ╵       [32m~~~~~~~~~~[0m


[31mX [41;31m[[41;97mERROR[41;31m][0m [1mTS2307: Cannot find module '@ngrx/store' or its corresponding type declarations.[0m [1m[35m[plugin angular-compiler][0m

    src/app/features/expenses/store/expenses.actions.ts:1:36:
[37m      1 │ import { createAction, props } from [32m'@ngrx/store'[37m;
        ╵                                     [32m~~~~~~~~~~~~~[0m


[31mX [41;31m[[41;97mERROR[41;31m][0m [1mTS2307: Cannot find module '@ngrx/store' or its corresponding type declarations.[0m [1m[35m[plugin angular-compiler][0m

    src/app/features/expenses/store/expenses.reducer.ts:1:34:
[37m      1 │ import { createReducer, on } from [32m'@ngrx/store'[37m;
        ╵                                   [32m~~~~~~~~~~~~~[0m


[31mX [41;31m[[41;97mERROR[41;31m][0m [1mTS7006: Parameter 'state' implicitly has an 'any' type.[0m [1m[35m[plugin angular-compiler][0m

    src/app/features/expenses/store/expenses.reducer.ts:9:20:
[37m      9 │   on(loadExpenses, ([32mstate[37m, { expenses }) => ({
        ╵                     [32m~~~~~[0m


[31mX [41;31m[[41;97mERROR[41;31m][0m [1mTS7031: Binding element 'expenses' implicitly has an 'any' type.[0m [1m[35m[plugin angular-compiler][0m

    src/app/features/expenses/store/expenses.reducer.ts:9:29:
[37m      9 │   on(loadExpenses, (state, { [32mexpenses[37m }) => ({
        ╵                              [32m~~~~~~~~[0m


[31mX [41;31m[[41;97mERROR[41;31m][0m [1mTS7006: Parameter 'state' implicitly has an 'any' type.[0m [1m[35m[plugin angular-compiler][0m

    src/app/features/expenses/store/expenses.reducer.ts:14:18:
[37m      14 │   on(addExpense, ([32mstate[37m, { expense }) => {
         ╵                   [32m~~~~~[0m


[31mX [41;31m[[41;97mERROR[41;31m][0m [1mTS7031: Binding element 'expense' implicitly has an 'any' type.[0m [1m[35m[plugin angular-compiler][0m

    src/app/features/expenses/store/expenses.reducer.ts:14:27:
[37m      14 │   on(addExpense, (state, { [32mexpense[37m }) => {
         ╵                            [32m~~~~~~~[0m


[31mX [41;31m[[41;97mERROR[41;31m][0m [1mTS7006: Parameter 'state' implicitly has an 'any' type.[0m [1m[35m[plugin angular-compiler][0m

    src/app/features/expenses/store/expenses.reducer.ts:22:19:
[37m      22 │   on(editExpense, ([32mstate[37m, { expense }) => {
         ╵                    [32m~~~~~[0m


[31mX [41;31m[[41;97mERROR[41;31m][0m [1mTS7031: Binding element 'expense' implicitly has an 'any' type.[0m [1m[35m[plugin angular-compiler][0m

    src/app/features/expenses/store/expenses.reducer.ts:22:28:
[37m      22 │   on(editExpense, (state, { [32mexpense[37m }) => {
         ╵                             [32m~~~~~~~[0m


[31mX [41;31m[[41;97mERROR[41;31m][0m [1mTS7006: Parameter 'e' implicitly has an 'any' type.[0m [1m[35m[plugin angular-compiler][0m

    src/app/features/expenses/store/expenses.reducer.ts:23:49:
[37m      23 │ ...List = state.expensesList.map(([32me[37m) => (e.id === expense.id ? exp...
         ╵                                   [32m^[0m


[31mX [41;31m[[41;97mERROR[41;31m][0m [1mTS7006: Parameter 'state' implicitly has an 'any' type.[0m [1m[35m[plugin angular-compiler][0m

    src/app/features/expenses/store/expenses.reducer.ts:30:21:
[37m      30 │   on(deleteExpense, ([32mstate[37m, { id }) => {
         ╵                      [32m~~~~~[0m


[31mX [41;31m[[41;97mERROR[41;31m][0m [1mTS7031: Binding element 'id' implicitly has an 'any' type.[0m [1m[35m[plugin angular-compiler][0m

    src/app/features/expenses/store/expenses.reducer.ts:30:30:
[37m      30 │   on(deleteExpense, (state, { [32mid[37m }) => {
         ╵                               [32m~~[0m


[31mX [41;31m[[41;97mERROR[41;31m][0m [1mTS7006: Parameter 'e' implicitly has an 'any' type.[0m [1m[35m[plugin angular-compiler][0m

    src/app/features/expenses/store/expenses.reducer.ts:31:52:
[37m      31 │ ...onst expensesList = state.expensesList.filter(([32me[37m) => e.id !== id);
         ╵                                                   [32m^[0m


[31mX [41;31m[[41;97mERROR[41;31m][0m [1mTS2307: Cannot find module '@ngrx/store' or its corresponding type declarations.[0m [1m[35m[plugin angular-compiler][0m

    src/app/features/expenses/store/expenses.selector.ts:1:54:
[37m      1 │ import { createFeatureSelector, createSelector } from [32m'@ngrx/store'[37m;
        ╵                                                       [32m~~~~~~~~~~~~~[0m


[31mX [41;31m[[41;97mERROR[41;31m][0m [1mTS7006: Parameter 'state' implicitly has an 'any' type.[0m [1m[35m[plugin angular-compiler][0m

    src/app/features/expenses/store/expenses.selector.ts:10:3:
[37m      10 │   ([32mstate[37m) => state.expensesList,
         ╵    [32m~~~~~[0m


[31mX [41;31m[[41;97mERROR[41;31m][0m [1mTS7006: Parameter 'state' implicitly has an 'any' type.[0m [1m[35m[plugin angular-compiler][0m

    src/app/features/expenses/store/expenses.selector.ts:14:72:
[37m      14 │ ...ses = createSelector(selectExpensesState, ([32mstate[37m) => state.total);
         ╵                                               [32m~~~~~[0m

[39m[22m
[1m[31m[31mX [41;31m[[41;97mERROR[41;31m][0m [1mTS2307: Cannot find module '@ngrx/store' or its corresponding type declarations.[0m [1m[35m[plugin angular-compiler][0m

    src/app/features/expenses/components/expense-list/expense-list.ts:7:22:
[37m      7 │ import { Store } from [32m'@ngrx/store'[37m;
        ╵                       [32m~~~~~~~~~~~~~[0m


[31mX [41;31m[[41;97mERROR[41;31m][0m [1mTS2571: Object is of type 'unknown'.[0m [1m[35m[plugin angular-compiler][0m

    src/app/features/expenses/components/expense-list/expense-list.ts:38:17:
[37m      38 │   expensesList = [32mthis.store[37m.select(selectExpensesList);
         ╵                  [32m~~~~~~~~~~[0m


[31mX [41;31m[[41;97mERROR[41;31m][0m [1mTS2571: Object is of type 'unknown'.[0m [1m[35m[plugin angular-compiler][0m

    src/app/features/expenses/components/expense-list/expense-list.ts:39:10:
[37m      39 │   total = [32mthis.store[37m.select(selectTotalExpenses);
         ╵           [32m~~~~~~~~~~[0m


[31mX [41;31m[[41;97mERROR[41;31m][0m [1mTS2571: Object is of type 'unknown'.[0m [1m[35m[plugin angular-compiler][0m

    src/app/features/expenses/components/expense-list/expense-list.ts:51:6:
[37m      51 │       [32mthis.store[37m.dispatch(loadExpenses({ expenses }));
         ╵       [32m~~~~~~~~~~[0m


[31mX [41;31m[[41;97mERROR[41;31m][0m [1mTS2571: Object is of type 'unknown'.[0m [1m[35m[plugin angular-compiler][0m

    src/app/features/expenses/components/expense-list/expense-list.ts:76:8:
[37m      76 │         [32mthis.store[37m.dispatch(editExpense({ expense }));
         ╵         [32m~~~~~~~~~~[0m


[31mX [41;31m[[41;97mERROR[41;31m][0m [1mTS2571: Object is of type 'unknown'.[0m [1m[35m[plugin angular-compiler][0m

    src/app/features/expenses/components/expense-list/expense-list.ts:81:8:
[37m      81 │         [32mthis.store[37m.dispatch(addExpense({ expense }));
         ╵         [32m~~~~~~~~~~[0m


[31mX [41;31m[[41;97mERROR[41;31m][0m [1mTS2571: Object is of type 'unknown'.[0m [1m[35m[plugin angular-compiler][0m

    src/app/features/expenses/components/expense-list/expense-list.ts:97:6:
[37m      97 │       [32mthis.store[37m.dispatch(deleteExpense({ id }));
         ╵       [32m~~~~~~~~~~[0m


[31mX [41;31m[[41;97mERROR[41;31m][0m [1mTS2307: Cannot find module '@ngrx/store' or its corresponding type declarations.[0m [1m[35m[plugin angular-compiler][0m

    src/app/features/expenses/store/expenses.actions.ts:1:36:
[37m      1 │ import { createAction, props } from [32m'@ngrx/store'[37m;
        ╵                                     [32m~~~~~~~~~~~~~[0m


[31mX [41;31m[[41;97mERROR[41;31m][0m [1mTS2307: Cannot find module '@ngrx/store' or its corresponding type declarations.[0m [1m[35m[plugin angular-compiler][0m

    src/app/features/expenses/store/expenses.reducer.ts:1:34:
[37m      1 │ import { createReducer, on } from [32m'@ngrx/store'[37m;
        ╵                                   [32m~~~~~~~~~~~~~[0m


[31mX [41;31m[[41;97mERROR[41;31m][0m [1mTS7006: Parameter 'state' implicitly has an 'any' type.[0m [1m[35m[plugin angular-compiler][0m

    src/app/features/expenses/store/expenses.reducer.ts:9:20:
[37m      9 │   on(loadExpenses, ([32mstate[37m, { expenses }) => ({
        ╵                     [32m~~~~~[0m


[31mX [41;31m[[41;97mERROR[41;31m][0m [1mTS7031: Binding element 'expenses' implicitly has an 'any' type.[0m [1m[35m[plugin angular-compiler][0m

    src/app/features/expenses/store/expenses.reducer.ts:9:29:
[37m      9 │   on(loadExpenses, (state, { [32mexpenses[37m }) => ({
        ╵                              [32m~~~~~~~~[0m


[31mX [41;31m[[41;97mERROR[41;31m][0m [1mTS7006: Parameter 'state' implicitly has an 'any' type.[0m [1m[35m[plugin angular-compiler][0m

    src/app/features/expenses/store/expenses.reducer.ts:14:18:
[37m      14 │   on(addExpense, ([32mstate[37m, { expense }) => {
         ╵                   [32m~~~~~[0m


[31mX [41;31m[[41;97mERROR[41;31m][0m [1mTS7031: Binding element 'expense' implicitly has an 'any' type.[0m [1m[35m[plugin angular-compiler][0m

    src/app/features/expenses/store/expenses.reducer.ts:14:27:
[37m      14 │   on(addExpense, (state, { [32mexpense[37m }) => {
         ╵                            [32m~~~~~~~[0m


[31mX [41;31m[[41;97mERROR[41;31m][0m [1mTS7006: Parameter 'state' implicitly has an 'any' type.[0m [1m[35m[plugin angular-compiler][0m

    src/app/features/expenses/store/expenses.reducer.ts:22:19:
[37m      22 │   on(editExpense, ([32mstate[37m, { expense }) => {
         ╵                    [32m~~~~~[0m


[31mX [41;31m[[41;97mERROR[41;31m][0m [1mTS7031: Binding element 'expense' implicitly has an 'any' type.[0m [1m[35m[plugin angular-compiler][0m

    src/app/features/expenses/store/expenses.reducer.ts:22:28:
[37m      22 │   on(editExpense, (state, { [32mexpense[37m }) => {
         ╵                             [32m~~~~~~~[0m


[31mX [41;31m[[41;97mERROR[41;31m][0m [1mTS7006: Parameter 'e' implicitly has an 'any' type.[0m [1m[35m[plugin angular-compiler][0m

    src/app/features/expenses/store/expenses.reducer.ts:23:49:
[37m      23 │ ...List = state.expensesList.map(([32me[37m) => (e.id === expense.id ? exp...
         ╵                                   [32m^[0m


[31mX [41;31m[[41;97mERROR[41;31m][0m [1mTS7006: Parameter 'state' implicitly has an 'any' type.[0m [1m[35m[plugin angular-compiler][0m

    src/app/features/expenses/store/expenses.reducer.ts:30:21:
[37m      30 │   on(deleteExpense, ([32mstate[37m, { id }) => {
         ╵                      [32m~~~~~[0m


[31mX [41;31m[[41;97mERROR[41;31m][0m [1mTS7031: Binding element 'id' implicitly has an 'any' type.[0m [1m[35m[plugin angular-compiler][0m

    src/app/features/expenses/store/expenses.reducer.ts:30:30:
[37m      30 │   on(deleteExpense, (state, { [32mid[37m }) => {
         ╵                               [32m~~[0m


[31mX [41;31m[[41;97mERROR[41;31m][0m [1mTS7006: Parameter 'e' implicitly has an 'any' type.[0m [1m[35m[plugin angular-compiler][0m

    src/app/features/expenses/store/expenses.reducer.ts:31:52:
[37m      31 │ ...onst expensesList = state.expensesList.filter(([32me[37m) => e.id !== id);
         ╵                                                   [32m^[0m


[31mX [41;31m[[41;97mERROR[41;31m][0m [1mTS2307: Cannot find module '@ngrx/store' or its corresponding type declarations.[0m [1m[35m[plugin angular-compiler][0m

    src/app/features/expenses/store/expenses.selector.ts:1:54:
[37m      1 │ import { createFeatureSelector, createSelector } from [32m'@ngrx/store'[37m;
        ╵                                                       [32m~~~~~~~~~~~~~[0m


[31mX [41;31m[[41;97mERROR[41;31m][0m [1mTS7006: Parameter 'state' implicitly has an 'any' type.[0m [1m[35m[plugin angular-compiler][0m

    src/app/features/expenses/store/expenses.selector.ts:10:3:
[37m      10 │   ([32mstate[37m) => state.expensesList,
         ╵    [32m~~~~~[0m


[31mX [41;31m[[41;97mERROR[41;31m][0m [1mTS7006: Parameter 'state' implicitly has an 'any' type.[0m [1m[35m[plugin angular-compiler][0m

    src/app/features/expenses/store/expenses.selector.ts:14:72:
[37m      14 │ ...ses = createSelector(selectExpensesState, ([32mstate[37m) => state.total);
         ╵                                               [32m~~~~~[0m

[39m[22m
[1m[31m[31mX [41;31m[[41;97mERROR[41;31m][0m [1mTS2307: Cannot find module '@ngrx/store' or its corresponding type declarations.[0m [1m[35m[plugin angular-compiler][0m

    src/app/app.config.ts:5:29:
[37m      5 │ import { provideStore } from [32m'@ngrx/store'[37m;
        ╵                              [32m~~~~~~~~~~~~~[0m


[31mX [41;31m[[41;97mERROR[41;31m][0m [1mTS2307: Cannot find module '@ngrx/store' or its corresponding type declarations.[0m [1m[35m[plugin angular-compiler][0m

    src/app/features/expenses/components/expense-list/expense-list.ts:7:22:
[37m      7 │ import { Store } from [32m'@ngrx/store'[37m;
        ╵                       [32m~~~~~~~~~~~~~[0m


[31mX [41;31m[[41;97mERROR[41;31m][0m [1mTS2571: Object is of type 'unknown'.[0m [1m[35m[plugin angular-compiler][0m

    src/app/features/expenses/components/expense-list/expense-list.ts:38:17:
[37m      38 │   expensesList = [32mthis.store[37m.select(selectExpensesList);
         ╵                  [32m~~~~~~~~~~[0m


[31mX [41;31m[[41;97mERROR[41;31m][0m [1mTS2571: Object is of type 'unknown'.[0m [1m[35m[plugin angular-compiler][0m

    src/app/features/expenses/components/expense-list/expense-list.ts:39:10:
[37m      39 │   total = [32mthis.store[37m.select(selectTotalExpenses);
         ╵           [32m~~~~~~~~~~[0m


[31mX [41;31m[[41;97mERROR[41;31m][0m [1mTS2571: Object is of type 'unknown'.[0m [1m[35m[plugin angular-compiler][0m

    src/app/features/expenses/components/expense-list/expense-list.ts:51:6:
[37m      51 │       [32mthis.store[37m.dispatch(loadExpenses({ expenses }));
         ╵       [32m~~~~~~~~~~[0m


[31mX [41;31m[[41;97mERROR[41;31m][0m [1mTS2571: Object is of type 'unknown'.[0m [1m[35m[plugin angular-compiler][0m

    src/app/features/expenses/components/expense-list/expense-list.ts:76:8:
[37m      76 │         [32mthis.store[37m.dispatch(editExpense({ expense }));
         ╵         [32m~~~~~~~~~~[0m


[31mX [41;31m[[41;97mERROR[41;31m][0m [1mTS2571: Object is of type 'unknown'.[0m [1m[35m[plugin angular-compiler][0m

    src/app/features/expenses/components/expense-list/expense-list.ts:81:8:
[37m      81 │         [32mthis.store[37m.dispatch(addExpense({ expense }));
         ╵         [32m~~~~~~~~~~[0m


[31mX [41;31m[[41;97mERROR[41;31m][0m [1mTS2571: Object is of type 'unknown'.[0m [1m[35m[plugin angular-compiler][0m

    src/app/features/expenses/components/expense-list/expense-list.ts:97:6:
[37m      97 │       [32mthis.store[37m.dispatch(deleteExpense({ id }));
         ╵       [32m~~~~~~~~~~[0m


[31mX [41;31m[[41;97mERROR[41;31m][0m [1mTS2307: Cannot find module '@ngrx/store' or its corresponding type declarations.[0m [1m[35m[plugin angular-compiler][0m

    src/app/features/expenses/store/expenses.actions.ts:1:36:
[37m      1 │ import { createAction, props } from [32m'@ngrx/store'[37m;
        ╵                                     [32m~~~~~~~~~~~~~[0m


[31mX [41;31m[[41;97mERROR[41;31m][0m [1mTS2307: Cannot find module '@ngrx/store' or its corresponding type declarations.[0m [1m[35m[plugin angular-compiler][0m

    src/app/features/expenses/store/expenses.reducer.ts:1:34:
[37m      1 │ import { createReducer, on } from [32m'@ngrx/store'[37m;
        ╵                                   [32m~~~~~~~~~~~~~[0m


[31mX [41;31m[[41;97mERROR[41;31m][0m [1mTS7006: Parameter 'state' implicitly has an 'any' type.[0m [1m[35m[plugin angular-compiler][0m

    src/app/features/expenses/store/expenses.reducer.ts:9:20:
[37m      9 │   on(loadExpenses, ([32mstate[37m, { expenses }) => ({
        ╵                     [32m~~~~~[0m


[31mX [41;31m[[41;97mERROR[41;31m][0m [1mTS7031: Binding element 'expenses' implicitly has an 'any' type.[0m [1m[35m[plugin angular-compiler][0m

    src/app/features/expenses/store/expenses.reducer.ts:9:29:
[37m      9 │   on(loadExpenses, (state, { [32mexpenses[37m }) => ({
        ╵                              [32m~~~~~~~~[0m


[31mX [41;31m[[41;97mERROR[41;31m][0m [1mTS7006: Parameter 'state' implicitly has an 'any' type.[0m [1m[35m[plugin angular-compiler][0m

    src/app/features/expenses/store/expenses.reducer.ts:14:18:
[37m      14 │   on(addExpense, ([32mstate[37m, { expense }) => {
         ╵                   [32m~~~~~[0m


[31mX [41;31m[[41;97mERROR[41;31m][0m [1mTS7031: Binding element 'expense' implicitly has an 'any' type.[0m [1m[35m[plugin angular-compiler][0m

    src/app/features/expenses/store/expenses.reducer.ts:14:27:
[37m      14 │   on(addExpense, (state, { [32mexpense[37m }) => {
         ╵                            [32m~~~~~~~[0m


[31mX [41;31m[[41;97mERROR[41;31m][0m [1mTS7006: Parameter 'state' implicitly has an 'any' type.[0m [1m[35m[plugin angular-compiler][0m

    src/app/features/expenses/store/expenses.reducer.ts:22:19:
[37m      22 │   on(editExpense, ([32mstate[37m, { expense }) => {
         ╵                    [32m~~~~~[0m


[31mX [41;31m[[41;97mERROR[41;31m][0m [1mTS7031: Binding element 'expense' implicitly has an 'any' type.[0m [1m[35m[plugin angular-compiler][0m

    src/app/features/expenses/store/expenses.reducer.ts:22:28:
[37m      22 │   on(editExpense, (state, { [32mexpense[37m }) => {
         ╵                             [32m~~~~~~~[0m


[31mX [41;31m[[41;97mERROR[41;31m][0m [1mTS7006: Parameter 'e' implicitly has an 'any' type.[0m [1m[35m[plugin angular-compiler][0m

    src/app/features/expenses/store/expenses.reducer.ts:23:49:
[37m      23 │ ...List = state.expensesList.map(([32me[37m) => (e.id === expense.id ? exp...
         ╵                                   [32m^[0m


[31mX [41;31m[[41;97mERROR[41;31m][0m [1mTS7006: Parameter 'state' implicitly has an 'any' type.[0m [1m[35m[plugin angular-compiler][0m

    src/app/features/expenses/store/expenses.reducer.ts:30:21:
[37m      30 │   on(deleteExpense, ([32mstate[37m, { id }) => {
         ╵                      [32m~~~~~[0m


[31mX [41;31m[[41;97mERROR[41;31m][0m [1mTS7031: Binding element 'id' implicitly has an 'any' type.[0m [1m[35m[plugin angular-compiler][0m

    src/app/features/expenses/store/expenses.reducer.ts:30:30:
[37m      30 │   on(deleteExpense, (state, { [32mid[37m }) => {
         ╵                               [32m~~[0m


[31mX [41;31m[[41;97mERROR[41;31m][0m [1mTS7006: Parameter 'e' implicitly has an 'any' type.[0m [1m[35m[plugin angular-compiler][0m

    src/app/features/expenses/store/expenses.reducer.ts:31:52:
[37m      31 │ ...onst expensesList = state.expensesList.filter(([32me[37m) => e.id !== id);
         ╵                                                   [32m^[0m


[31mX [41;31m[[41;97mERROR[41;31m][0m [1mTS2307: Cannot find module '@ngrx/store' or its corresponding type declarations.[0m [1m[35m[plugin angular-compiler][0m

    src/app/features/expenses/store/expenses.selector.ts:1:54:
[37m      1 │ import { createFeatureSelector, createSelector } from [32m'@ngrx/store'[37m;
        ╵                                                       [32m~~~~~~~~~~~~~[0m


[31mX [41;31m[[41;97mERROR[41;31m][0m [1mTS7006: Parameter 'state' implicitly has an 'any' type.[0m [1m[35m[plugin angular-compiler][0m

    src/app/features/expenses/store/expenses.selector.ts:10:3:
[37m      10 │   ([32mstate[37m) => state.expensesList,
         ╵    [32m~~~~~[0m


[31mX [41;31m[[41;97mERROR[41;31m][0m [1mTS7006: Parameter 'state' implicitly has an 'any' type.[0m [1m[35m[plugin angular-compiler][0m

    src/app/features/expenses/store/expenses.selector.ts:14:72:
[37m      14 │ ...ses = createSelector(selectExpensesState, ([32mstate[37m) => state.total);
         ╵                                               [32m~~~~~[0m

[39m[22m
[1m[31m[31mX [41;31m[[41;97mERROR[41;31m][0m [1mTS2307: Cannot find module '@ngrx/store' or its corresponding type declarations.[0m [1m[35m[plugin angular-compiler][0m

    src/app/app.config.ts:5:29:
[37m      5 │ import { provideStore } from [32m'@ngrx/store'[37m;
        ╵                              [32m~~~~~~~~~~~~~[0m


[31mX [41;31m[[41;97mERROR[41;31m][0m [1mTS2307: Cannot find module '@ngrx/store' or its corresponding type declarations.[0m [1m[35m[plugin angular-compiler][0m

    src/app/features/expenses/components/expense-list/expense-list.ts:7:22:
[37m      7 │ import { Store } from [32m'@ngrx/store'[37m;
        ╵                       [32m~~~~~~~~~~~~~[0m


[31mX [41;31m[[41;97mERROR[41;31m][0m [1mTS2571: Object is of type 'unknown'.[0m [1m[35m[plugin angular-compiler][0m

    src/app/features/expenses/components/expense-list/expense-list.ts:38:17:
[37m      38 │   expensesList = [32mthis.store[37m.select(selectExpensesList);
         ╵                  [32m~~~~~~~~~~[0m


[31mX [41;31m[[41;97mERROR[41;31m][0m [1mTS2571: Object is of type 'unknown'.[0m [1m[35m[plugin angular-compiler][0m

    src/app/features/expenses/components/expense-list/expense-list.ts:39:10:
[37m      39 │   total = [32mthis.store[37m.select(selectTotalExpenses);
         ╵           [32m~~~~~~~~~~[0m


[31mX [41;31m[[41;97mERROR[41;31m][0m [1mTS2571: Object is of type 'unknown'.[0m [1m[35m[plugin angular-compiler][0m

    src/app/features/expenses/components/expense-list/expense-list.ts:51:6:
[37m      51 │       [32mthis.store[37m.dispatch(loadExpenses({ expenses }));
         ╵       [32m~~~~~~~~~~[0m


[31mX [41;31m[[41;97mERROR[41;31m][0m [1mTS2571: Object is of type 'unknown'.[0m [1m[35m[plugin angular-compiler][0m

    src/app/features/expenses/components/expense-list/expense-list.ts:76:8:
[37m      76 │         [32mthis.store[37m.dispatch(editExpense({ expense }));
         ╵         [32m~~~~~~~~~~[0m


[31mX [41;31m[[41;97mERROR[41;31m][0m [1mTS2571: Object is of type 'unknown'.[0m [1m[35m[plugin angular-compiler][0m

    src/app/features/expenses/components/expense-list/expense-list.ts:81:8:
[37m      81 │         [32mthis.store[37m.dispatch(addExpense({ expense }));
         ╵         [32m~~~~~~~~~~[0m


[31mX [41;31m[[41;97mERROR[41;31m][0m [1mTS2571: Object is of type 'unknown'.[0m [1m[35m[plugin angular-compiler][0m

    src/app/features/expenses/components/expense-list/expense-list.ts:97:6:
[37m      97 │       [32mthis.store[37m.dispatch(deleteExpense({ id }));
         ╵       [32m~~~~~~~~~~[0m


[31mX [41;31m[[41;97mERROR[41;31m][0m [1mTS2307: Cannot find module '@ngrx/store' or its corresponding type declarations.[0m [1m[35m[plugin angular-compiler][0m

    src/app/features/expenses/store/expenses.actions.ts:1:36:
[37m      1 │ import { createAction, props } from [32m'@ngrx/store'[37m;
        ╵                                     [32m~~~~~~~~~~~~~[0m


[31mX [41;31m[[41;97mERROR[41;31m][0m [1mTS2307: Cannot find module '@ngrx/store' or its corresponding type declarations.[0m [1m[35m[plugin angular-compiler][0m

    src/app/features/expenses/store/expenses.reducer.ts:1:34:
[37m      1 │ import { createReducer, on } from [32m'@ngrx/store'[37m;
        ╵                                   [32m~~~~~~~~~~~~~[0m


[31mX [41;31m[[41;97mERROR[41;31m][0m [1mTS7006: Parameter 'state' implicitly has an 'any' type.[0m [1m[35m[plugin angular-compiler][0m

    src/app/features/expenses/store/expenses.reducer.ts:9:20:
[37m      9 │   on(loadExpenses, ([32mstate[37m, { expenses }) => ({
        ╵                     [32m~~~~~[0m


[31mX [41;31m[[41;97mERROR[41;31m][0m [1mTS7031: Binding element 'expenses' implicitly has an 'any' type.[0m [1m[35m[plugin angular-compiler][0m

    src/app/features/expenses/store/expenses.reducer.ts:9:29:
[37m      9 │   on(loadExpenses, (state, { [32mexpenses[37m }) => ({
        ╵                              [32m~~~~~~~~[0m


[31mX [41;31m[[41;97mERROR[41;31m][0m [1mTS7006: Parameter 'state' implicitly has an 'any' type.[0m [1m[35m[plugin angular-compiler][0m

    src/app/features/expenses/store/expenses.reducer.ts:14:18:
[37m      14 │   on(addExpense, ([32mstate[37m, { expense }) => {
         ╵                   [32m~~~~~[0m


[31mX [41;31m[[41;97mERROR[41;31m][0m [1mTS7031: Binding element 'expense' implicitly has an 'any' type.[0m [1m[35m[plugin angular-compiler][0m

    src/app/features/expenses/store/expenses.reducer.ts:14:27:
[37m      14 │   on(addExpense, (state, { [32mexpense[37m }) => {
         ╵                            [32m~~~~~~~[0m


[31mX [41;31m[[41;97mERROR[41;31m][0m [1mTS7006: Parameter 'state' implicitly has an 'any' type.[0m [1m[35m[plugin angular-compiler][0m

    src/app/features/expenses/store/expenses.reducer.ts:22:19:
[37m      22 │   on(editExpense, ([32mstate[37m, { expense }) => {
         ╵                    [32m~~~~~[0m


[31mX [41;31m[[41;97mERROR[41;31m][0m [1mTS7031: Binding element 'expense' implicitly has an 'any' type.[0m [1m[35m[plugin angular-compiler][0m

    src/app/features/expenses/store/expenses.reducer.ts:22:28:
[37m      22 │   on(editExpense, (state, { [32mexpense[37m }) => {
         ╵                             [32m~~~~~~~[0m


[31mX [41;31m[[41;97mERROR[41;31m][0m [1mTS7006: Parameter 'e' implicitly has an 'any' type.[0m [1m[35m[plugin angular-compiler][0m

    src/app/features/expenses/store/expenses.reducer.ts:23:49:
[37m      23 │ ...List = state.expensesList.map(([32me[37m) => (e.id === expense.id ? exp...
         ╵                                   [32m^[0m


[31mX [41;31m[[41;97mERROR[41;31m][0m [1mTS7006: Parameter 'state' implicitly has an 'any' type.[0m [1m[35m[plugin angular-compiler][0m

    src/app/features/expenses/store/expenses.reducer.ts:30:21:
[37m      30 │   on(deleteExpense, ([32mstate[37m, { id }) => {
         ╵                      [32m~~~~~[0m


[31mX [41;31m[[41;97mERROR[41;31m][0m [1mTS7031: Binding element 'id' implicitly has an 'any' type.[0m [1m[35m[plugin angular-compiler][0m

    src/app/features/expenses/store/expenses.reducer.ts:30:30:
[37m      30 │   on(deleteExpense, (state, { [32mid[37m }) => {
         ╵                               [32m~~[0m


[31mX [41;31m[[41;97mERROR[41;31m][0m [1mTS7006: Parameter 'e' implicitly has an 'any' type.[0m [1m[35m[plugin angular-compiler][0m

    src/app/features/expenses/store/expenses.reducer.ts:31:52:
[37m      31 │ ...onst expensesList = state.expensesList.filter(([32me[37m) => e.id !== id);
         ╵                                                   [32m^[0m


[31mX [41;31m[[41;97mERROR[41;31m][0m [1mTS2307: Cannot find module '@ngrx/store' or its corresponding type declarations.[0m [1m[35m[plugin angular-compiler][0m

    src/app/features/expenses/store/expenses.selector.ts:1:54:
[37m      1 │ import { createFeatureSelector, createSelector } from [32m'@ngrx/store'[37m;
        ╵                                                       [32m~~~~~~~~~~~~~[0m


[31mX [41;31m[[41;97mERROR[41;31m][0m [1mTS7006: Parameter 'state' implicitly has an 'any' type.[0m [1m[35m[plugin angular-compiler][0m

    src/app/features/expenses/store/expenses.selector.ts:10:3:
[37m      10 │   ([32mstate[37m) => state.expensesList,
         ╵    [32m~~~~~[0m


[31mX [41;31m[[41;97mERROR[41;31m][0m [1mTS7006: Parameter 'state' implicitly has an 'any' type.[0m [1m[35m[plugin angular-compiler][0m

    src/app/features/expenses/store/expenses.selector.ts:14:72:
[37m      14 │ ...ses = createSelector(selectExpensesState, ([32mstate[37m) => state.total);
         ╵                                               [32m~~~~~[0m

[39m[22m
[1m[31m[31mX [41;31m[[41;97mERROR[41;31m][0m [1mTS2307: Cannot find module '@ngrx/store' or its corresponding type declarations.[0m [1m[35m[plugin angular-compiler][0m

    src/app/app.config.ts:5:29:
[37m      5 │ import { provideStore } from [32m'@ngrx/store'[37m;
        ╵                              [32m~~~~~~~~~~~~~[0m


[31mX [41;31m[[41;97mERROR[41;31m][0m [1mTS2307: Cannot find module '@ngrx/store' or its corresponding type declarations.[0m [1m[35m[plugin angular-compiler][0m

    src/app/features/expenses/components/expense-list/expense-list.ts:7:22:
[37m      7 │ import { Store } from [32m'@ngrx/store'[37m;
        ╵                       [32m~~~~~~~~~~~~~[0m


[31mX [41;31m[[41;97mERROR[41;31m][0m [1mTS2571: Object is of type 'unknown'.[0m [1m[35m[plugin angular-compiler][0m

    src/app/features/expenses/components/expense-list/expense-list.ts:38:17:
[37m      38 │   expensesList = [32mthis.store[37m.select(selectExpensesList);
         ╵                  [32m~~~~~~~~~~[0m


[31mX [41;31m[[41;97mERROR[41;31m][0m [1mTS2571: Object is of type 'unknown'.[0m [1m[35m[plugin angular-compiler][0m

    src/app/features/expenses/components/expense-list/expense-list.ts:39:10:
[37m      39 │   total = [32mthis.store[37m.select(selectTotalExpenses);
         ╵           [32m~~~~~~~~~~[0m


[31mX [41;31m[[41;97mERROR[41;31m][0m [1mTS2571: Object is of type 'unknown'.[0m [1m[35m[plugin angular-compiler][0m

    src/app/features/expenses/components/expense-list/expense-list.ts:51:6:
[37m      51 │       [32mthis.store[37m.dispatch(loadExpenses({ expenses }));
         ╵       [32m~~~~~~~~~~[0m


[31mX [41;31m[[41;97mERROR[41;31m][0m [1mTS2571: Object is of type 'unknown'.[0m [1m[35m[plugin angular-compiler][0m

    src/app/features/expenses/components/expense-list/expense-list.ts:76:8:
[37m      76 │         [32mthis.store[37m.dispatch(editExpense({ expense }));
         ╵         [32m~~~~~~~~~~[0m


[31mX [41;31m[[41;97mERROR[41;31m][0m [1mTS2571: Object is of type 'unknown'.[0m [1m[35m[plugin angular-compiler][0m

    src/app/features/expenses/components/expense-list/expense-list.ts:81:8:
[37m      81 │         [32mthis.store[37m.dispatch(addExpense({ expense }));
         ╵         [32m~~~~~~~~~~[0m


[31mX [41;31m[[41;97mERROR[41;31m][0m [1mTS2571: Object is of type 'unknown'.[0m [1m[35m[plugin angular-compiler][0m

    src/app/features/expenses/components/expense-list/expense-list.ts:97:6:
[37m      97 │       [32mthis.store[37m.dispatch(deleteExpense({ id }));
         ╵       [32m~~~~~~~~~~[0m


[31mX [41;31m[[41;97mERROR[41;31m][0m [1mTS2307: Cannot find module '@ngrx/store' or its corresponding type declarations.[0m [1m[35m[plugin angular-compiler][0m

    src/app/features/expenses/store/expenses.actions.ts:1:36:
[37m      1 │ import { createAction, props } from [32m'@ngrx/store'[37m;
        ╵                                     [32m~~~~~~~~~~~~~[0m


[31mX [41;31m[[41;97mERROR[41;31m][0m [1mTS2307: Cannot find module '@ngrx/store' or its corresponding type declarations.[0m [1m[35m[plugin angular-compiler][0m

    src/app/features/expenses/store/expenses.reducer.ts:1:34:
[37m      1 │ import { createReducer, on } from [32m'@ngrx/store'[37m;
        ╵                                   [32m~~~~~~~~~~~~~[0m


[31mX [41;31m[[41;97mERROR[41;31m][0m [1mTS7006: Parameter 'state' implicitly has an 'any' type.[0m [1m[35m[plugin angular-compiler][0m

    src/app/features/expenses/store/expenses.reducer.ts:9:20:
[37m      9 │   on(loadExpenses, ([32mstate[37m, { expenses }) => ({
        ╵                     [32m~~~~~[0m


[31mX [41;31m[[41;97mERROR[41;31m][0m [1mTS7031: Binding element 'expenses' implicitly has an 'any' type.[0m [1m[35m[plugin angular-compiler][0m

    src/app/features/expenses/store/expenses.reducer.ts:9:29:
[37m      9 │   on(loadExpenses, (state, { [32mexpenses[37m }) => ({
        ╵                              [32m~~~~~~~~[0m


[31mX [41;31m[[41;97mERROR[41;31m][0m [1mTS7006: Parameter 'state' implicitly has an 'any' type.[0m [1m[35m[plugin angular-compiler][0m

    src/app/features/expenses/store/expenses.reducer.ts:14:18:
[37m      14 │   on(addExpense, ([32mstate[37m, { expense }) => {
         ╵                   [32m~~~~~[0m


[31mX [41;31m[[41;97mERROR[41;31m][0m [1mTS7031: Binding element 'expense' implicitly has an 'any' type.[0m [1m[35m[plugin angular-compiler][0m

    src/app/features/expenses/store/expenses.reducer.ts:14:27:
[37m      14 │   on(addExpense, (state, { [32mexpense[37m }) => {
         ╵                            [32m~~~~~~~[0m


[31mX [41;31m[[41;97mERROR[41;31m][0m [1mTS7006: Parameter 'state' implicitly has an 'any' type.[0m [1m[35m[plugin angular-compiler][0m

    src/app/features/expenses/store/expenses.reducer.ts:22:19:
[37m      22 │   on(editExpense, ([32mstate[37m, { expense }) => {
         ╵                    [32m~~~~~[0m


[31mX [41;31m[[41;97mERROR[41;31m][0m [1mTS7031: Binding element 'expense' implicitly has an 'any' type.[0m [1m[35m[plugin angular-compiler][0m

    src/app/features/expenses/store/expenses.reducer.ts:22:28:
[37m      22 │   on(editExpense, (state, { [32mexpense[37m }) => {
         ╵                             [32m~~~~~~~[0m


[31mX [41;31m[[41;97mERROR[41;31m][0m [1mTS7006: Parameter 'e' implicitly has an 'any' type.[0m [1m[35m[plugin angular-compiler][0m

    src/app/features/expenses/store/expenses.reducer.ts:23:49:
[37m      23 │ ...List = state.expensesList.map(([32me[37m) => (e.id === expense.id ? exp...
         ╵                                   [32m^[0m


[31mX [41;31m[[41;97mERROR[41;31m][0m [1mTS7006: Parameter 'state' implicitly has an 'any' type.[0m [1m[35m[plugin angular-compiler][0m

    src/app/features/expenses/store/expenses.reducer.ts:30:21:
[37m      30 │   on(deleteExpense, ([32mstate[37m, { id }) => {
         ╵                      [32m~~~~~[0m


[31mX [41;31m[[41;97mERROR[41;31m][0m [1mTS7031: Binding element 'id' implicitly has an 'any' type.[0m [1m[35m[plugin angular-compiler][0m

    src/app/features/expenses/store/expenses.reducer.ts:30:30:
[37m      30 │   on(deleteExpense, (state, { [32mid[37m }) => {
         ╵                               [32m~~[0m


[31mX [41;31m[[41;97mERROR[41;31m][0m [1mTS7006: Parameter 'e' implicitly has an 'any' type.[0m [1m[35m[plugin angular-compiler][0m

    src/app/features/expenses/store/expenses.reducer.ts:31:52:
[37m      31 │ ...onst expensesList = state.expensesList.filter(([32me[37m) => e.id !== id);
         ╵                                                   [32m^[0m


[31mX [41;31m[[41;97mERROR[41;31m][0m [1mTS2307: Cannot find module '@ngrx/store' or its corresponding type declarations.[0m [1m[35m[plugin angular-compiler][0m

    src/app/features/expenses/store/expenses.selector.ts:1:54:
[37m      1 │ import { createFeatureSelector, createSelector } from [32m'@ngrx/store'[37m;
        ╵                                                       [32m~~~~~~~~~~~~~[0m


[31mX [41;31m[[41;97mERROR[41;31m][0m [1mTS7006: Parameter 'state' implicitly has an 'any' type.[0m [1m[35m[plugin angular-compiler][0m

    src/app/features/expenses/store/expenses.selector.ts:10:3:
[37m      10 │   ([32mstate[37m) => state.expensesList,
         ╵    [32m~~~~~[0m


[31mX [41;31m[[41;97mERROR[41;31m][0m [1mTS7006: Parameter 'state' implicitly has an 'any' type.[0m [1m[35m[plugin angular-compiler][0m

    src/app/features/expenses/store/expenses.selector.ts:14:72:
[37m      14 │ ...ses = createSelector(selectExpensesState, ([32mstate[37m) => state.total);
         ╵                                               [32m~~~~~[0m

[39m[22m
